<?xml version="1.0"?>
<link_info>
   <banner>MSP430 Linker PC v4.3.3</banner>
   <copyright>Copyright (c) 2003-2014 Texas Instruments Incorporated</copyright>
   <link_time>0x543472a6</link_time>
   <link_errors>0x0</link_errors>
   <output_file>MyDevices.out</output_file>
   <entry_point>
      <name>_c_int00</name>
      <address>0x4442</address>
   </entry_point>
   <input_file_list>
      <input_file id="fl-2">
         <path>.\</path>
         <kind>object</kind>
         <file>BCUart.obj</file>
         <name>BCUart.obj</name>
      </input_file>
      <input_file id="fl-3">
         <path>.\</path>
         <kind>object</kind>
         <file>BackChannel.obj</file>
         <name>BackChannel.obj</name>
      </input_file>
      <input_file id="fl-4">
         <path>.\</path>
         <kind>object</kind>
         <file>HMC5883L.obj</file>
         <name>HMC5883L.obj</name>
      </input_file>
      <input_file id="fl-5">
         <path>.\</path>
         <kind>object</kind>
         <file>LCD.obj</file>
         <name>LCD.obj</name>
      </input_file>
      <input_file id="fl-6">
         <path>.\</path>
         <kind>object</kind>
         <file>main.obj</file>
         <name>main.obj</name>
      </input_file>
      <input_file id="fl-7">
         <path>.\driverlib\MSP430F5xx_6xx\</path>
         <kind>object</kind>
         <file>adc10_a.obj</file>
         <name>adc10_a.obj</name>
      </input_file>
      <input_file id="fl-8">
         <path>.\driverlib\MSP430F5xx_6xx\</path>
         <kind>object</kind>
         <file>adc12_a.obj</file>
         <name>adc12_a.obj</name>
      </input_file>
      <input_file id="fl-9">
         <path>.\driverlib\MSP430F5xx_6xx\</path>
         <kind>object</kind>
         <file>aes.obj</file>
         <name>aes.obj</name>
      </input_file>
      <input_file id="fl-a">
         <path>.\driverlib\MSP430F5xx_6xx\</path>
         <kind>object</kind>
         <file>bak_batt.obj</file>
         <name>bak_batt.obj</name>
      </input_file>
      <input_file id="fl-b">
         <path>.\driverlib\MSP430F5xx_6xx\</path>
         <kind>object</kind>
         <file>comp_b.obj</file>
         <name>comp_b.obj</name>
      </input_file>
      <input_file id="fl-c">
         <path>.\driverlib\MSP430F5xx_6xx\</path>
         <kind>object</kind>
         <file>crc.obj</file>
         <name>crc.obj</name>
      </input_file>
      <input_file id="fl-d">
         <path>.\driverlib\MSP430F5xx_6xx\</path>
         <kind>object</kind>
         <file>dac12_a.obj</file>
         <name>dac12_a.obj</name>
      </input_file>
      <input_file id="fl-e">
         <path>.\driverlib\MSP430F5xx_6xx\</path>
         <kind>object</kind>
         <file>dma.obj</file>
         <name>dma.obj</name>
      </input_file>
      <input_file id="fl-f">
         <path>.\driverlib\MSP430F5xx_6xx\</path>
         <kind>object</kind>
         <file>eusci_a_spi.obj</file>
         <name>eusci_a_spi.obj</name>
      </input_file>
      <input_file id="fl-10">
         <path>.\driverlib\MSP430F5xx_6xx\</path>
         <kind>object</kind>
         <file>eusci_a_uart.obj</file>
         <name>eusci_a_uart.obj</name>
      </input_file>
      <input_file id="fl-11">
         <path>.\driverlib\MSP430F5xx_6xx\</path>
         <kind>object</kind>
         <file>eusci_b_i2c.obj</file>
         <name>eusci_b_i2c.obj</name>
      </input_file>
      <input_file id="fl-12">
         <path>.\driverlib\MSP430F5xx_6xx\</path>
         <kind>object</kind>
         <file>eusci_b_spi.obj</file>
         <name>eusci_b_spi.obj</name>
      </input_file>
      <input_file id="fl-13">
         <path>.\driverlib\MSP430F5xx_6xx\</path>
         <kind>object</kind>
         <file>eusci_i2c.obj</file>
         <name>eusci_i2c.obj</name>
      </input_file>
      <input_file id="fl-14">
         <path>.\driverlib\MSP430F5xx_6xx\</path>
         <kind>object</kind>
         <file>eusci_spi.obj</file>
         <name>eusci_spi.obj</name>
      </input_file>
      <input_file id="fl-15">
         <path>.\driverlib\MSP430F5xx_6xx\</path>
         <kind>object</kind>
         <file>eusci_uart.obj</file>
         <name>eusci_uart.obj</name>
      </input_file>
      <input_file id="fl-16">
         <path>.\driverlib\MSP430F5xx_6xx\</path>
         <kind>object</kind>
         <file>flash.obj</file>
         <name>flash.obj</name>
      </input_file>
      <input_file id="fl-17">
         <path>.\driverlib\MSP430F5xx_6xx\</path>
         <kind>object</kind>
         <file>gpio.obj</file>
         <name>gpio.obj</name>
      </input_file>
      <input_file id="fl-18">
         <path>.\driverlib\MSP430F5xx_6xx\</path>
         <kind>object</kind>
         <file>ldopwr.obj</file>
         <name>ldopwr.obj</name>
      </input_file>
      <input_file id="fl-19">
         <path>.\driverlib\MSP430F5xx_6xx\</path>
         <kind>object</kind>
         <file>mpy32.obj</file>
         <name>mpy32.obj</name>
      </input_file>
      <input_file id="fl-1a">
         <path>.\driverlib\MSP430F5xx_6xx\</path>
         <kind>object</kind>
         <file>pmap.obj</file>
         <name>pmap.obj</name>
      </input_file>
      <input_file id="fl-1b">
         <path>.\driverlib\MSP430F5xx_6xx\</path>
         <kind>object</kind>
         <file>pmm.obj</file>
         <name>pmm.obj</name>
      </input_file>
      <input_file id="fl-1c">
         <path>.\driverlib\MSP430F5xx_6xx\</path>
         <kind>object</kind>
         <file>ram.obj</file>
         <name>ram.obj</name>
      </input_file>
      <input_file id="fl-1d">
         <path>.\driverlib\MSP430F5xx_6xx\</path>
         <kind>object</kind>
         <file>ref.obj</file>
         <name>ref.obj</name>
      </input_file>
      <input_file id="fl-1e">
         <path>.\driverlib\MSP430F5xx_6xx\</path>
         <kind>object</kind>
         <file>rtc_a.obj</file>
         <name>rtc_a.obj</name>
      </input_file>
      <input_file id="fl-1f">
         <path>.\driverlib\MSP430F5xx_6xx\</path>
         <kind>object</kind>
         <file>rtc_b.obj</file>
         <name>rtc_b.obj</name>
      </input_file>
      <input_file id="fl-20">
         <path>.\driverlib\MSP430F5xx_6xx\</path>
         <kind>object</kind>
         <file>rtc_c.obj</file>
         <name>rtc_c.obj</name>
      </input_file>
      <input_file id="fl-21">
         <path>.\driverlib\MSP430F5xx_6xx\</path>
         <kind>object</kind>
         <file>sd24_b.obj</file>
         <name>sd24_b.obj</name>
      </input_file>
      <input_file id="fl-22">
         <path>.\driverlib\MSP430F5xx_6xx\</path>
         <kind>object</kind>
         <file>sfr.obj</file>
         <name>sfr.obj</name>
      </input_file>
      <input_file id="fl-23">
         <path>.\driverlib\MSP430F5xx_6xx\</path>
         <kind>object</kind>
         <file>sys.obj</file>
         <name>sys.obj</name>
      </input_file>
      <input_file id="fl-24">
         <path>.\driverlib\MSP430F5xx_6xx\</path>
         <kind>object</kind>
         <file>tec.obj</file>
         <name>tec.obj</name>
      </input_file>
      <input_file id="fl-25">
         <path>.\driverlib\MSP430F5xx_6xx\</path>
         <kind>object</kind>
         <file>timer_a.obj</file>
         <name>timer_a.obj</name>
      </input_file>
      <input_file id="fl-26">
         <path>.\driverlib\MSP430F5xx_6xx\</path>
         <kind>object</kind>
         <file>timer_b.obj</file>
         <name>timer_b.obj</name>
      </input_file>
      <input_file id="fl-27">
         <path>.\driverlib\MSP430F5xx_6xx\</path>
         <kind>object</kind>
         <file>timer_d.obj</file>
         <name>timer_d.obj</name>
      </input_file>
      <input_file id="fl-28">
         <path>.\driverlib\MSP430F5xx_6xx\</path>
         <kind>object</kind>
         <file>tlv.obj</file>
         <name>tlv.obj</name>
      </input_file>
      <input_file id="fl-29">
         <path>.\driverlib\MSP430F5xx_6xx\</path>
         <kind>object</kind>
         <file>ucs.obj</file>
         <name>ucs.obj</name>
      </input_file>
      <input_file id="fl-2a">
         <path>.\driverlib\MSP430F5xx_6xx\</path>
         <kind>object</kind>
         <file>usci_a_spi.obj</file>
         <name>usci_a_spi.obj</name>
      </input_file>
      <input_file id="fl-2b">
         <path>.\driverlib\MSP430F5xx_6xx\</path>
         <kind>object</kind>
         <file>usci_a_uart.obj</file>
         <name>usci_a_uart.obj</name>
      </input_file>
      <input_file id="fl-2c">
         <path>.\driverlib\MSP430F5xx_6xx\</path>
         <kind>object</kind>
         <file>usci_b_i2c.obj</file>
         <name>usci_b_i2c.obj</name>
      </input_file>
      <input_file id="fl-2d">
         <path>.\driverlib\MSP430F5xx_6xx\</path>
         <kind>object</kind>
         <file>usci_b_spi.obj</file>
         <name>usci_b_spi.obj</name>
      </input_file>
      <input_file id="fl-2e">
         <path>.\driverlib\MSP430F5xx_6xx\</path>
         <kind>object</kind>
         <file>usci_i2c.obj</file>
         <name>usci_i2c.obj</name>
      </input_file>
      <input_file id="fl-2f">
         <path>.\driverlib\MSP430F5xx_6xx\</path>
         <kind>object</kind>
         <file>usci_spi.obj</file>
         <name>usci_spi.obj</name>
      </input_file>
      <input_file id="fl-30">
         <path>.\driverlib\MSP430F5xx_6xx\</path>
         <kind>object</kind>
         <file>usci_uart.obj</file>
         <name>usci_uart.obj</name>
      </input_file>
      <input_file id="fl-31">
         <path>.\driverlib\MSP430F5xx_6xx\</path>
         <kind>object</kind>
         <file>wdt_a.obj</file>
         <name>wdt_a.obj</name>
      </input_file>
      <input_file id="fl-32">
         <path>.\driverlib\MSP430F5xx_6xx\deprecated\</path>
         <kind>object</kind>
         <file>dma.obj</file>
         <name>dma.obj</name>
      </input_file>
      <input_file id="fl-33">
         <path>.\driverlib\MSP430F5xx_6xx\deprecated\</path>
         <kind>object</kind>
         <file>flash.obj</file>
         <name>flash.obj</name>
      </input_file>
      <input_file id="fl-34">
         <path>.\driverlib\MSP430F5xx_6xx\deprecated\</path>
         <kind>object</kind>
         <file>mpy32.obj</file>
         <name>mpy32.obj</name>
      </input_file>
      <input_file id="fl-35">
         <path>.\driverlib\MSP430F5xx_6xx\deprecated\</path>
         <kind>object</kind>
         <file>pmm.obj</file>
         <name>pmm.obj</name>
      </input_file>
      <input_file id="fl-36">
         <path>.\driverlib\MSP430F5xx_6xx\deprecated\</path>
         <kind>object</kind>
         <file>ram.obj</file>
         <name>ram.obj</name>
      </input_file>
      <input_file id="fl-37">
         <path>.\driverlib\MSP430F5xx_6xx\deprecated\</path>
         <kind>object</kind>
         <file>sfr.obj</file>
         <name>sfr.obj</name>
      </input_file>
      <input_file id="fl-38">
         <path>.\driverlib\MSP430F5xx_6xx\deprecated\</path>
         <kind>object</kind>
         <file>sys.obj</file>
         <name>sys.obj</name>
      </input_file>
      <input_file id="fl-39">
         <path>.\driverlib\MSP430F5xx_6xx\deprecated\</path>
         <kind>object</kind>
         <file>ucs.obj</file>
         <name>ucs.obj</name>
      </input_file>
      <input_file id="fl-68">
         <path>C:\TI\ccsv6\tools\compiler\msp430_4.3.3\lib\</path>
         <kind>archive</kind>
         <file>rts430x_lc_rd_eabi.lib</file>
         <name>asr16.obj</name>
      </input_file>
      <input_file id="fl-69">
         <path>C:\TI\ccsv6\tools\compiler\msp430_4.3.3\lib\</path>
         <kind>archive</kind>
         <file>rts430x_lc_rd_eabi.lib</file>
         <name>atan2.obj</name>
      </input_file>
      <input_file id="fl-6a">
         <path>C:\TI\ccsv6\tools\compiler\msp430_4.3.3\lib\</path>
         <kind>archive</kind>
         <file>rts430x_lc_rd_eabi.lib</file>
         <name>boot.obj</name>
      </input_file>
      <input_file id="fl-6b">
         <path>C:\TI\ccsv6\tools\compiler\msp430_4.3.3\lib\</path>
         <kind>archive</kind>
         <file>rts430x_lc_rd_eabi.lib</file>
         <name>cmpd.obj</name>
      </input_file>
      <input_file id="fl-6c">
         <path>C:\TI\ccsv6\tools\compiler\msp430_4.3.3\lib\</path>
         <kind>archive</kind>
         <file>rts430x_lc_rd_eabi.lib</file>
         <name>copy_decompress_none.obj</name>
      </input_file>
      <input_file id="fl-6d">
         <path>C:\TI\ccsv6\tools\compiler\msp430_4.3.3\lib\</path>
         <kind>archive</kind>
         <file>rts430x_lc_rd_eabi.lib</file>
         <name>copy_decompress_rle.obj</name>
      </input_file>
      <input_file id="fl-6e">
         <path>C:\TI\ccsv6\tools\compiler\msp430_4.3.3\lib\</path>
         <kind>archive</kind>
         <file>rts430x_lc_rd_eabi.lib</file>
         <name>copy_zero_init.obj</name>
      </input_file>
      <input_file id="fl-6f">
         <path>C:\TI\ccsv6\tools\compiler\msp430_4.3.3\lib\</path>
         <kind>archive</kind>
         <file>rts430x_lc_rd_eabi.lib</file>
         <name>cvtdf.obj</name>
      </input_file>
      <input_file id="fl-70">
         <path>C:\TI\ccsv6\tools\compiler\msp430_4.3.3\lib\</path>
         <kind>archive</kind>
         <file>rts430x_lc_rd_eabi.lib</file>
         <name>cvtfd.obj</name>
      </input_file>
      <input_file id="fl-71">
         <path>C:\TI\ccsv6\tools\compiler\msp430_4.3.3\lib\</path>
         <kind>archive</kind>
         <file>rts430x_lc_rd_eabi.lib</file>
         <name>div16s.obj</name>
      </input_file>
      <input_file id="fl-72">
         <path>C:\TI\ccsv6\tools\compiler\msp430_4.3.3\lib\</path>
         <kind>archive</kind>
         <file>rts430x_lc_rd_eabi.lib</file>
         <name>div16u.obj</name>
      </input_file>
      <input_file id="fl-73">
         <path>C:\TI\ccsv6\tools\compiler\msp430_4.3.3\lib\</path>
         <kind>archive</kind>
         <file>rts430x_lc_rd_eabi.lib</file>
         <name>div32s.obj</name>
      </input_file>
      <input_file id="fl-74">
         <path>C:\TI\ccsv6\tools\compiler\msp430_4.3.3\lib\</path>
         <kind>archive</kind>
         <file>rts430x_lc_rd_eabi.lib</file>
         <name>div32u.obj</name>
      </input_file>
      <input_file id="fl-75">
         <path>C:\TI\ccsv6\tools\compiler\msp430_4.3.3\lib\</path>
         <kind>archive</kind>
         <file>rts430x_lc_rd_eabi.lib</file>
         <name>divd.obj</name>
      </input_file>
      <input_file id="fl-76">
         <path>C:\TI\ccsv6\tools\compiler\msp430_4.3.3\lib\</path>
         <kind>archive</kind>
         <file>rts430x_lc_rd_eabi.lib</file>
         <name>exit.obj</name>
      </input_file>
      <input_file id="fl-77">
         <path>C:\TI\ccsv6\tools\compiler\msp430_4.3.3\lib\</path>
         <kind>archive</kind>
         <file>rts430x_lc_rd_eabi.lib</file>
         <name>fltid.obj</name>
      </input_file>
      <input_file id="fl-78">
         <path>C:\TI\ccsv6\tools\compiler\msp430_4.3.3\lib\</path>
         <kind>archive</kind>
         <file>rts430x_lc_rd_eabi.lib</file>
         <name>fltlid.obj</name>
      </input_file>
      <input_file id="fl-79">
         <path>C:\TI\ccsv6\tools\compiler\msp430_4.3.3\lib\</path>
         <kind>archive</kind>
         <file>rts430x_lc_rd_eabi.lib</file>
         <name>frcdivd.obj</name>
      </input_file>
      <input_file id="fl-7a">
         <path>C:\TI\ccsv6\tools\compiler\msp430_4.3.3\lib\</path>
         <kind>archive</kind>
         <file>rts430x_lc_rd_eabi.lib</file>
         <name>fs_toi.obj</name>
      </input_file>
      <input_file id="fl-7b">
         <path>C:\TI\ccsv6\tools\compiler\msp430_4.3.3\lib\</path>
         <kind>archive</kind>
         <file>rts430x_lc_rd_eabi.lib</file>
         <name>int41.obj</name>
      </input_file>
      <input_file id="fl-7c">
         <path>C:\TI\ccsv6\tools\compiler\msp430_4.3.3\lib\</path>
         <kind>archive</kind>
         <file>rts430x_lc_rd_eabi.lib</file>
         <name>int43.obj</name>
      </input_file>
      <input_file id="fl-7d">
         <path>C:\TI\ccsv6\tools\compiler\msp430_4.3.3\lib\</path>
         <kind>archive</kind>
         <file>rts430x_lc_rd_eabi.lib</file>
         <name>int44.obj</name>
      </input_file>
      <input_file id="fl-7e">
         <path>C:\TI\ccsv6\tools\compiler\msp430_4.3.3\lib\</path>
         <kind>archive</kind>
         <file>rts430x_lc_rd_eabi.lib</file>
         <name>int45.obj</name>
      </input_file>
      <input_file id="fl-7f">
         <path>C:\TI\ccsv6\tools\compiler\msp430_4.3.3\lib\</path>
         <kind>archive</kind>
         <file>rts430x_lc_rd_eabi.lib</file>
         <name>int47.obj</name>
      </input_file>
      <input_file id="fl-80">
         <path>C:\TI\ccsv6\tools\compiler\msp430_4.3.3\lib\</path>
         <kind>archive</kind>
         <file>rts430x_lc_rd_eabi.lib</file>
         <name>int48.obj</name>
      </input_file>
      <input_file id="fl-81">
         <path>C:\TI\ccsv6\tools\compiler\msp430_4.3.3\lib\</path>
         <kind>archive</kind>
         <file>rts430x_lc_rd_eabi.lib</file>
         <name>int49.obj</name>
      </input_file>
      <input_file id="fl-82">
         <path>C:\TI\ccsv6\tools\compiler\msp430_4.3.3\lib\</path>
         <kind>archive</kind>
         <file>rts430x_lc_rd_eabi.lib</file>
         <name>int50.obj</name>
      </input_file>
      <input_file id="fl-83">
         <path>C:\TI\ccsv6\tools\compiler\msp430_4.3.3\lib\</path>
         <kind>archive</kind>
         <file>rts430x_lc_rd_eabi.lib</file>
         <name>int51.obj</name>
      </input_file>
      <input_file id="fl-84">
         <path>C:\TI\ccsv6\tools\compiler\msp430_4.3.3\lib\</path>
         <kind>archive</kind>
         <file>rts430x_lc_rd_eabi.lib</file>
         <name>int52.obj</name>
      </input_file>
      <input_file id="fl-85">
         <path>C:\TI\ccsv6\tools\compiler\msp430_4.3.3\lib\</path>
         <kind>archive</kind>
         <file>rts430x_lc_rd_eabi.lib</file>
         <name>int53.obj</name>
      </input_file>
      <input_file id="fl-86">
         <path>C:\TI\ccsv6\tools\compiler\msp430_4.3.3\lib\</path>
         <kind>archive</kind>
         <file>rts430x_lc_rd_eabi.lib</file>
         <name>int54.obj</name>
      </input_file>
      <input_file id="fl-87">
         <path>C:\TI\ccsv6\tools\compiler\msp430_4.3.3\lib\</path>
         <kind>archive</kind>
         <file>rts430x_lc_rd_eabi.lib</file>
         <name>int55.obj</name>
      </input_file>
      <input_file id="fl-88">
         <path>C:\TI\ccsv6\tools\compiler\msp430_4.3.3\lib\</path>
         <kind>archive</kind>
         <file>rts430x_lc_rd_eabi.lib</file>
         <name>int56.obj</name>
      </input_file>
      <input_file id="fl-89">
         <path>C:\TI\ccsv6\tools\compiler\msp430_4.3.3\lib\</path>
         <kind>archive</kind>
         <file>rts430x_lc_rd_eabi.lib</file>
         <name>int57.obj</name>
      </input_file>
      <input_file id="fl-8a">
         <path>C:\TI\ccsv6\tools\compiler\msp430_4.3.3\lib\</path>
         <kind>archive</kind>
         <file>rts430x_lc_rd_eabi.lib</file>
         <name>int58.obj</name>
      </input_file>
      <input_file id="fl-8b">
         <path>C:\TI\ccsv6\tools\compiler\msp430_4.3.3\lib\</path>
         <kind>archive</kind>
         <file>rts430x_lc_rd_eabi.lib</file>
         <name>int59.obj</name>
      </input_file>
      <input_file id="fl-8c">
         <path>C:\TI\ccsv6\tools\compiler\msp430_4.3.3\lib\</path>
         <kind>archive</kind>
         <file>rts430x_lc_rd_eabi.lib</file>
         <name>int60.obj</name>
      </input_file>
      <input_file id="fl-8d">
         <path>C:\TI\ccsv6\tools\compiler\msp430_4.3.3\lib\</path>
         <kind>archive</kind>
         <file>rts430x_lc_rd_eabi.lib</file>
         <name>int61.obj</name>
      </input_file>
      <input_file id="fl-8e">
         <path>C:\TI\ccsv6\tools\compiler\msp430_4.3.3\lib\</path>
         <kind>archive</kind>
         <file>rts430x_lc_rd_eabi.lib</file>
         <name>int62.obj</name>
      </input_file>
      <input_file id="fl-8f">
         <path>C:\TI\ccsv6\tools\compiler\msp430_4.3.3\lib\</path>
         <kind>archive</kind>
         <file>rts430x_lc_rd_eabi.lib</file>
         <name>isr_trap.obj</name>
      </input_file>
      <input_file id="fl-90">
         <path>C:\TI\ccsv6\tools\compiler\msp430_4.3.3\lib\</path>
         <kind>archive</kind>
         <file>rts430x_lc_rd_eabi.lib</file>
         <name>lsl16.obj</name>
      </input_file>
      <input_file id="fl-91">
         <path>C:\TI\ccsv6\tools\compiler\msp430_4.3.3\lib\</path>
         <kind>archive</kind>
         <file>rts430x_lc_rd_eabi.lib</file>
         <name>lsl32.obj</name>
      </input_file>
      <input_file id="fl-92">
         <path>C:\TI\ccsv6\tools\compiler\msp430_4.3.3\lib\</path>
         <kind>archive</kind>
         <file>rts430x_lc_rd_eabi.lib</file>
         <name>lsr32.obj</name>
      </input_file>
      <input_file id="fl-93">
         <path>C:\TI\ccsv6\tools\compiler\msp430_4.3.3\lib\</path>
         <kind>archive</kind>
         <file>rts430x_lc_rd_eabi.lib</file>
         <name>memcpy.obj</name>
      </input_file>
      <input_file id="fl-94">
         <path>C:\TI\ccsv6\tools\compiler\msp430_4.3.3\lib\</path>
         <kind>archive</kind>
         <file>rts430x_lc_rd_eabi.lib</file>
         <name>mpu_init.obj</name>
      </input_file>
      <input_file id="fl-95">
         <path>C:\TI\ccsv6\tools\compiler\msp430_4.3.3\lib\</path>
         <kind>archive</kind>
         <file>rts430x_lc_rd_eabi.lib</file>
         <name>mpyd.obj</name>
      </input_file>
      <input_file id="fl-96">
         <path>C:\TI\ccsv6\tools\compiler\msp430_4.3.3\lib\</path>
         <kind>archive</kind>
         <file>rts430x_lc_rd_eabi.lib</file>
         <name>mult16_f5hw.obj</name>
      </input_file>
      <input_file id="fl-97">
         <path>C:\TI\ccsv6\tools\compiler\msp430_4.3.3\lib\</path>
         <kind>archive</kind>
         <file>rts430x_lc_rd_eabi.lib</file>
         <name>mult32_f5hw.obj</name>
      </input_file>
      <input_file id="fl-98">
         <path>C:\TI\ccsv6\tools\compiler\msp430_4.3.3\lib\</path>
         <kind>archive</kind>
         <file>rts430x_lc_rd_eabi.lib</file>
         <name>negd.obj</name>
      </input_file>
      <input_file id="fl-99">
         <path>C:\TI\ccsv6\tools\compiler\msp430_4.3.3\lib\</path>
         <kind>archive</kind>
         <file>rts430x_lc_rd_eabi.lib</file>
         <name>pre_init.obj</name>
      </input_file>
      <input_file id="fl-9a">
         <path>C:\TI\ccsv6\tools\compiler\msp430_4.3.3\lib\</path>
         <kind>archive</kind>
         <file>rts430x_lc_rd_eabi.lib</file>
         <name>xatan.obj</name>
      </input_file>
      <input_file id="fl-9b">
         <path>C:\TI\ccsv6\tools\compiler\msp430_4.3.3\lib\</path>
         <kind>archive</kind>
         <file>rts430x_lc_rd_eabi.lib</file>
         <name>xvalues.obj</name>
      </input_file>
      <input_file id="fl-9c">
         <path>C:\TI\ccsv6\tools\compiler\msp430_4.3.3\lib\</path>
         <kind>archive</kind>
         <file>rts430x_lc_rd_eabi.lib</file>
         <name>_lock.obj</name>
      </input_file>
      <input_file id="fl-9d">
         <path>C:\TI\ccsv6\tools\compiler\msp430_4.3.3\lib\</path>
         <kind>archive</kind>
         <file>rts430x_lc_rd_eabi.lib</file>
         <name>addd.obj</name>
      </input_file>
      <input_file id="fl-9e">
         <path>C:\TI\ccsv6\tools\compiler\msp430_4.3.3\lib\</path>
         <kind>archive</kind>
         <file>rts430x_lc_rd_eabi.lib</file>
         <name>args_main.obj</name>
      </input_file>
      <input_file id="fl-9f">
         <path>C:\TI\ccsv6\tools\compiler\msp430_4.3.3\lib\</path>
         <kind>archive</kind>
         <file>rts430x_lc_rd_eabi.lib</file>
         <name>asr32.obj</name>
      </input_file>
      <input_file id="fl-a0">
         <path>C:\TI\ccsv6\tools\compiler\msp430_4.3.3\lib\</path>
         <kind>archive</kind>
         <file>rts430x_lc_rd_eabi.lib</file>
         <name>autoinit.obj</name>
      </input_file>
      <input_file id="fl-a1">
         <path>C:\TI\ccsv6\tools\compiler\msp430_4.3.3\lib\</path>
         <kind>archive</kind>
         <file>rts430x_lc_rd_eabi.lib</file>
         <name>frcaddd.obj</name>
      </input_file>
      <input_file id="fl-a2">
         <path>C:\TI\ccsv6\tools\compiler\msp430_4.3.3\lib\</path>
         <kind>archive</kind>
         <file>rts430x_lc_rd_eabi.lib</file>
         <name>frcmpyd.obj</name>
      </input_file>
      <input_file id="fl-a3">
         <path>C:\TI\ccsv6\tools\compiler\msp430_4.3.3\lib\</path>
         <kind>archive</kind>
         <file>rts430x_lc_rd_eabi.lib</file>
         <name>renormd.obj</name>
      </input_file>
      <input_file id="fl-a4">
         <path>C:\TI\ccsv6\tools\compiler\msp430_4.3.3\lib\</path>
         <kind>archive</kind>
         <file>rts430x_lc_rd_eabi.lib</file>
         <name>subd.obj</name>
      </input_file>
   </input_file_list>
   <object_component_list>
      <object_component id="oc-97">
         <name>.stack</name>
         <uninitialized>true</uninitialized>
         <run_address>0x4360</run_address>
         <size>0x4</size>
         <input_file_ref idref="fl-6a"/>
      </object_component>
      <object_component id="oc-413">
         <name>.stack</name>
         <uninitialized>true</uninitialized>
         <run_address>0x4360</run_address>
         <size>0x0</size>
      </object_component>
      <object_component id="oc-2e4">
         <name>.text:__TI_frcdivd</name>
         <load_address>0x10000</load_address>
         <run_address>0x10000</run_address>
         <size>0x452</size>
         <input_file_ref idref="fl-79"/>
      </object_component>
      <object_component id="oc-24a">
         <name>.text:__TI_frcmpyd</name>
         <load_address>0x10452</load_address>
         <run_address>0x10452</run_address>
         <size>0x2e4</size>
         <input_file_ref idref="fl-a2"/>
      </object_component>
      <object_component id="oc-2f2">
         <name>.text:__mspabi_addd</name>
         <load_address>0x10736</load_address>
         <run_address>0x10736</run_address>
         <size>0x2d8</size>
         <input_file_ref idref="fl-9d"/>
      </object_component>
      <object_component id="oc-242">
         <name>.text:_Atan</name>
         <load_address>0x10a0e</load_address>
         <run_address>0x10a0e</run_address>
         <size>0x2a4</size>
         <input_file_ref idref="fl-9a"/>
      </object_component>
      <object_component id="oc-13f">
         <name>.text:__mspabi_mpyd</name>
         <load_address>0x10cb2</load_address>
         <run_address>0x10cb2</run_address>
         <size>0x282</size>
         <input_file_ref idref="fl-95"/>
      </object_component>
      <object_component id="oc-35d">
         <name>.text:__TI_frcaddd</name>
         <load_address>0x10f34</load_address>
         <run_address>0x10f34</run_address>
         <size>0x252</size>
         <input_file_ref idref="fl-a1"/>
      </object_component>
      <object_component id="oc-23c">
         <name>.text:__mspabi_divd</name>
         <load_address>0x11186</load_address>
         <run_address>0x11186</run_address>
         <size>0x222</size>
         <input_file_ref idref="fl-75"/>
      </object_component>
      <object_component id="oc-139">
         <name>.text:atan2</name>
         <load_address>0x113a8</load_address>
         <run_address>0x113a8</run_address>
         <size>0x208</size>
         <input_file_ref idref="fl-69"/>
      </object_component>
      <object_component id="oc-b8">
         <name>.text:main</name>
         <load_address>0x115b0</load_address>
         <run_address>0x115b0</run_address>
         <size>0x13a</size>
         <input_file_ref idref="fl-6"/>
      </object_component>
      <object_component id="oc-318">
         <name>.text:privateUCSSourceClockFromDCO</name>
         <load_address>0x116ea</load_address>
         <run_address>0x116ea</run_address>
         <size>0x108</size>
         <input_file_ref idref="fl-29"/>
      </object_component>
      <object_component id="oc-1fc">
         <name>.text:I2C_masterReadMultiple</name>
         <load_address>0x117f2</load_address>
         <run_address>0x117f2</run_address>
         <size>0xec</size>
         <input_file_ref idref="fl-4"/>
      </object_component>
      <object_component id="oc-273">
         <name>.text:UCS_initFLL</name>
         <load_address>0x118de</load_address>
         <run_address>0x118de</run_address>
         <size>0xe2</size>
         <input_file_ref idref="fl-29"/>
      </object_component>
      <object_component id="oc-282">
         <name>.text:privateUCSComputeCLKFrequency</name>
         <load_address>0x119c0</load_address>
         <run_address>0x119c0</run_address>
         <size>0xde</size>
         <input_file_ref idref="fl-29"/>
      </object_component>
      <object_component id="oc-236">
         <name>.text:__mspabi_cmpd</name>
         <load_address>0x11a9e</load_address>
         <run_address>0x11a9e</run_address>
         <size>0xd8</size>
         <input_file_ref idref="fl-6b"/>
      </object_component>
      <object_component id="oc-115">
         <name>.text:HMC_initialize</name>
         <load_address>0x11b76</load_address>
         <run_address>0x11b76</run_address>
         <size>0xcc</size>
         <input_file_ref idref="fl-4"/>
      </object_component>
      <object_component id="oc-393">
         <name>.text:__TI_renormd</name>
         <load_address>0x11c42</load_address>
         <run_address>0x11c42</run_address>
         <size>0xb2</size>
         <input_file_ref idref="fl-a3"/>
      </object_component>
      <object_component id="oc-156">
         <name>.text:itoa</name>
         <load_address>0x11cf4</load_address>
         <run_address>0x11cf4</run_address>
         <size>0xac</size>
         <input_file_ref idref="fl-6"/>
      </object_component>
      <object_component id="oc-11b">
         <name>.text:HMC_testConnection</name>
         <load_address>0x11da0</load_address>
         <run_address>0x11da0</run_address>
         <size>0x98</size>
         <input_file_ref idref="fl-4"/>
      </object_component>
      <object_component id="oc-2d2">
         <name>.text:I2C_masterSendMultiple</name>
         <load_address>0x11e38</load_address>
         <run_address>0x11e38</run_address>
         <size>0x94</size>
         <input_file_ref idref="fl-4"/>
      </object_component>
      <object_component id="oc-228">
         <name>.text:__mspabi_fltlid</name>
         <load_address>0x11ecc</load_address>
         <run_address>0x11ecc</run_address>
         <size>0x94</size>
         <input_file_ref idref="fl-78"/>
      </object_component>
      <object_component id="oc-18f">
         <name>.text:UCS_clockSignalInit</name>
         <load_address>0x11f60</load_address>
         <run_address>0x11f60</run_address>
         <size>0x90</size>
         <input_file_ref idref="fl-29"/>
      </object_component>
      <object_component id="oc-145">
         <name>.text:__mspabi_cvtdf</name>
         <load_address>0x11ff0</load_address>
         <run_address>0x11ff0</run_address>
         <size>0x8c</size>
         <input_file_ref idref="fl-6f"/>
      </object_component>
      <object_component id="oc-121">
         <name>.text:HMC_getHeading</name>
         <load_address>0x1207c</load_address>
         <run_address>0x1207c</run_address>
         <size>0x72</size>
         <input_file_ref idref="fl-4"/>
      </object_component>
      <object_component id="oc-b2">
         <name>.text:_auto_init_hold_wdt</name>
         <load_address>0x120ee</load_address>
         <run_address>0x120ee</run_address>
         <size>0x6e</size>
         <input_file_ref idref="fl-a0"/>
      </object_component>
      <object_component id="oc-fc">
         <name>.text:initClocks</name>
         <load_address>0x1215c</load_address>
         <run_address>0x1215c</run_address>
         <size>0x6a</size>
         <input_file_ref idref="fl-6"/>
      </object_component>
      <object_component id="oc-347">
         <name>.text:USCI_B_I2C_masterMultiByteSendFinishWithTimeout</name>
         <load_address>0x121c6</load_address>
         <run_address>0x121c6</run_address>
         <size>0x68</size>
         <input_file_ref idref="fl-2c"/>
      </object_component>
      <object_component id="oc-151">
         <name>.text</name>
         <load_address>0x1222e</load_address>
         <run_address>0x1222e</run_address>
         <size>0x68</size>
         <input_file_ref idref="fl-7a"/>
      </object_component>
      <object_component id="oc-12d">
         <name>.text:__mspabi_cvtfd</name>
         <load_address>0x12296</load_address>
         <run_address>0x12296</run_address>
         <size>0x64</size>
         <input_file_ref idref="fl-70"/>
      </object_component>
      <object_component id="oc-d9">
         <name>.text:__TI_decompress_rle_core</name>
         <load_address>0x122fa</load_address>
         <run_address>0x122fa</run_address>
         <size>0x62</size>
         <input_file_ref idref="fl-6d"/>
      </object_component>
      <object_component id="oc-2cb">
         <name>.text:USCI_B_I2C_masterMultiByteReceiveFinishWithTimeout</name>
         <load_address>0x1235c</load_address>
         <run_address>0x1235c</run_address>
         <size>0x5e</size>
         <input_file_ref idref="fl-2c"/>
      </object_component>
      <object_component id="oc-299">
         <name>.text:I2C_masterWriteBits</name>
         <load_address>0x123ba</load_address>
         <run_address>0x123ba</run_address>
         <size>0x5a</size>
         <input_file_ref idref="fl-4"/>
      </object_component>
      <object_component id="oc-2b9">
         <name>.text:USCI_B_I2C_masterMultiByteSendStartWithTimeout</name>
         <load_address>0x12414</load_address>
         <run_address>0x12414</run_address>
         <size>0x5a</size>
         <input_file_ref idref="fl-2c"/>
      </object_component>
      <object_component id="oc-195">
         <name>.text</name>
         <load_address>0x1246e</load_address>
         <run_address>0x1246e</run_address>
         <size>0x58</size>
         <input_file_ref idref="fl-74"/>
      </object_component>
      <object_component id="oc-1ec">
         <name>.text:HMC_ConfigureAndCheck</name>
         <load_address>0x124c6</load_address>
         <run_address>0x124c6</run_address>
         <size>0x50</size>
         <input_file_ref idref="fl-4"/>
      </object_component>
      <object_component id="oc-127">
         <name>.text:AddValueToStringAt</name>
         <load_address>0x12516</load_address>
         <run_address>0x12516</run_address>
         <size>0x4e</size>
         <input_file_ref idref="fl-6"/>
      </object_component>
      <object_component id="oc-1bd">
         <name>.text:USCI_B_I2C_masterInit</name>
         <load_address>0x12564</load_address>
         <run_address>0x12564</run_address>
         <size>0x48</size>
         <input_file_ref idref="fl-2c"/>
      </object_component>
      <object_component id="oc-31e">
         <name>.text</name>
         <load_address>0x125ac</load_address>
         <run_address>0x125ac</run_address>
         <size>0x40</size>
         <input_file_ref idref="fl-73"/>
      </object_component>
      <object_component id="oc-21c">
         <name>.text:l_asr_const</name>
         <load_address>0x125ec</load_address>
         <run_address>0x125ec</run_address>
         <size>0x3e</size>
         <input_file_ref idref="fl-9f"/>
      </object_component>
      <object_component id="oc-257">
         <name>.text:l_lsl_const</name>
         <load_address>0x1262a</load_address>
         <run_address>0x1262a</run_address>
         <size>0x3e</size>
         <input_file_ref idref="fl-91"/>
      </object_component>
      <object_component id="oc-19a">
         <name>.text:l_lsr_const</name>
         <load_address>0x12668</load_address>
         <run_address>0x12668</run_address>
         <size>0x3e</size>
         <input_file_ref idref="fl-92"/>
      </object_component>
      <object_component id="oc-1e3">
         <name>.text:HMC_setGain</name>
         <load_address>0x126a6</load_address>
         <run_address>0x126a6</run_address>
         <size>0x3c</size>
         <input_file_ref idref="fl-4"/>
      </object_component>
      <object_component id="oc-1d1">
         <name>.text:HMC_setSampleAveraging</name>
         <load_address>0x126e2</load_address>
         <run_address>0x126e2</run_address>
         <size>0x3c</size>
         <input_file_ref idref="fl-4"/>
      </object_component>
      <object_component id="oc-28c">
         <name>.text:USCI_B_I2C_initMaster</name>
         <load_address>0x1271e</load_address>
         <run_address>0x1271e</run_address>
         <size>0x3c</size>
         <input_file_ref idref="fl-2c"/>
      </object_component>
      <object_component id="oc-341">
         <name>.text:USCI_B_I2C_masterMultiByteSendNextWithTimeout</name>
         <load_address>0x1275a</load_address>
         <run_address>0x1275a</run_address>
         <size>0x3c</size>
         <input_file_ref idref="fl-2c"/>
      </object_component>
      <object_component id="oc-1d7">
         <name>.text:HMC_setDataRate</name>
         <load_address>0x12796</load_address>
         <run_address>0x12796</run_address>
         <size>0x3a</size>
         <input_file_ref idref="fl-4"/>
      </object_component>
      <object_component id="oc-1dd">
         <name>.text:HMC_setMeasurementBias</name>
         <load_address>0x127d0</load_address>
         <run_address>0x127d0</run_address>
         <size>0x38</size>
         <input_file_ref idref="fl-4"/>
      </object_component>
      <object_component id="oc-328">
         <name>.text:I2C_masterReadByte</name>
         <load_address>0x12808</load_address>
         <run_address>0x12808</run_address>
         <size>0x38</size>
         <input_file_ref idref="fl-4"/>
      </object_component>
      <object_component id="oc-19f">
         <name>.text:UCS_initFLLSettle</name>
         <load_address>0x12840</load_address>
         <run_address>0x12840</run_address>
         <size>0x36</size>
         <input_file_ref idref="fl-29"/>
      </object_component>
      <object_component id="oc-2ec">
         <name>.text:__mspabi_subd</name>
         <load_address>0x12876</load_address>
         <run_address>0x12876</run_address>
         <size>0x32</size>
         <input_file_ref idref="fl-a4"/>
      </object_component>
      <object_component id="oc-230">
         <name>.text:__mspabi_negd</name>
         <load_address>0x128a8</load_address>
         <run_address>0x128a8</run_address>
         <size>0x2e</size>
         <input_file_ref idref="fl-98"/>
      </object_component>
      <object_component id="oc-216">
         <name>.text</name>
         <load_address>0x128d6</load_address>
         <run_address>0x128d6</run_address>
         <size>0x2c</size>
         <input_file_ref idref="fl-71"/>
      </object_component>
      <object_component id="oc-1aa">
         <name>.text:bcUartInit</name>
         <load_address>0x12902</load_address>
         <run_address>0x12902</run_address>
         <size>0x2a</size>
         <input_file_ref idref="fl-2"/>
      </object_component>
      <object_component id="oc-25e">
         <name>.text:bcUartSend</name>
         <load_address>0x1292c</load_address>
         <run_address>0x1292c</run_address>
         <size>0x24</size>
         <input_file_ref idref="fl-2"/>
      </object_component>
      <object_component id="oc-8b">
         <name>.text:decompress:ZI:__TI_zero_init</name>
         <load_address>0x12950</load_address>
         <run_address>0x12950</run_address>
         <size>0x24</size>
         <input_file_ref idref="fl-6e"/>
      </object_component>
      <object_component id="oc-209">
         <name>.text:I2C_masterSendByte</name>
         <load_address>0x12974</load_address>
         <run_address>0x12974</run_address>
         <size>0x22</size>
         <input_file_ref idref="fl-4"/>
      </object_component>
      <object_component id="oc-307">
         <name>.text</name>
         <load_address>0x12996</load_address>
         <run_address>0x12996</run_address>
         <size>0x22</size>
         <input_file_ref idref="fl-97"/>
      </object_component>
      <object_component id="oc-14b">
         <name>.text:BackChannel_Write</name>
         <load_address>0x129b8</load_address>
         <run_address>0x129b8</run_address>
         <size>0x1c</size>
         <input_file_ref idref="fl-3"/>
      </object_component>
      <object_component id="oc-1b7">
         <name>.text:UCS_getSMCLK</name>
         <load_address>0x129d4</load_address>
         <run_address>0x129d4</run_address>
         <size>0x1a</size>
         <input_file_ref idref="fl-29"/>
      </object_component>
      <object_component id="oc-266">
         <name>.text</name>
         <load_address>0x129ee</load_address>
         <run_address>0x129ee</run_address>
         <size>0x16</size>
         <input_file_ref idref="fl-72"/>
      </object_component>
      <object_component id="oc-352">
         <name>.text</name>
         <load_address>0x12a04</load_address>
         <run_address>0x12a04</run_address>
         <size>0x16</size>
         <input_file_ref idref="fl-96"/>
      </object_component>
      <object_component id="oc-1f2">
         <name>.text:BackChannel_Connected</name>
         <load_address>0x12a1a</load_address>
         <run_address>0x12a1a</run_address>
         <size>0x14</size>
         <input_file_ref idref="fl-3"/>
      </object_component>
      <object_component id="oc-c5">
         <name>.text:memcpy</name>
         <load_address>0x12a2e</load_address>
         <run_address>0x12a2e</run_address>
         <size>0x14</size>
         <input_file_ref idref="fl-93"/>
      </object_component>
      <object_component id="oc-102">
         <name>.text:UCS_setExternalClockSource</name>
         <load_address>0x12a42</load_address>
         <run_address>0x12a42</run_address>
         <size>0x12</size>
         <input_file_ref idref="fl-29"/>
      </object_component>
      <object_component id="oc-85">
         <name>.text:decompress:none:__TI_decompress_none</name>
         <load_address>0x12a54</load_address>
         <run_address>0x12a54</run_address>
         <size>0x12</size>
         <input_file_ref idref="fl-6c"/>
      </object_component>
      <object_component id="oc-38e">
         <name>.text:l_asr</name>
         <load_address>0x12a66</load_address>
         <run_address>0x12a66</run_address>
         <size>0x10</size>
         <input_file_ref idref="fl-9f"/>
      </object_component>
      <object_component id="oc-384">
         <name>.text:l_lsl</name>
         <load_address>0x12a76</load_address>
         <run_address>0x12a76</run_address>
         <size>0x10</size>
         <input_file_ref idref="fl-91"/>
      </object_component>
      <object_component id="oc-389">
         <name>.text:l_lsr</name>
         <load_address>0x12a86</load_address>
         <run_address>0x12a86</run_address>
         <size>0x10</size>
         <input_file_ref idref="fl-92"/>
      </object_component>
      <object_component id="oc-108">
         <name>.text:BackChannel_Open</name>
         <load_address>0x12a96</load_address>
         <run_address>0x12a96</run_address>
         <size>0xe</size>
         <input_file_ref idref="fl-3"/>
      </object_component>
      <object_component id="oc-10f">
         <name>.text:BackChannel_WriteLine</name>
         <load_address>0x12aa4</load_address>
         <run_address>0x12aa4</run_address>
         <size>0xe</size>
         <input_file_ref idref="fl-3"/>
      </object_component>
      <object_component id="oc-2ad">
         <name>.text:USCI_B_I2C_disableInterrupt</name>
         <load_address>0x12ab2</load_address>
         <run_address>0x12ab2</run_address>
         <size>0xc</size>
         <input_file_ref idref="fl-2c"/>
      </object_component>
      <object_component id="oc-2b3">
         <name>.text:USCI_B_I2C_enableInterrupt</name>
         <load_address>0x12abe</load_address>
         <run_address>0x12abe</run_address>
         <size>0xc</size>
         <input_file_ref idref="fl-2c"/>
      </object_component>
      <object_component id="oc-2bf">
         <name>.text:USCI_B_I2C_masterMultiByteReceiveStart</name>
         <load_address>0x12aca</load_address>
         <run_address>0x12aca</run_address>
         <size>0xc</size>
         <input_file_ref idref="fl-2c"/>
      </object_component>
      <object_component id="oc-2a7">
         <name>.text:USCI_B_I2C_setMode</name>
         <load_address>0x12ad6</load_address>
         <run_address>0x12ad6</run_address>
         <size>0xc</size>
         <input_file_ref idref="fl-2c"/>
      </object_component>
      <object_component id="oc-33b">
         <name>.text:USCI_B_I2C_setSlaveAddress</name>
         <load_address>0x12ae2</load_address>
         <run_address>0x12ae2</run_address>
         <size>0xc</size>
         <input_file_ref idref="fl-2c"/>
      </object_component>
      <object_component id="oc-133">
         <name>.text:__mspabi_fltid</name>
         <load_address>0x12aee</load_address>
         <run_address>0x12aee</run_address>
         <size>0xc</size>
         <input_file_ref idref="fl-77"/>
      </object_component>
      <object_component id="oc-32e">
         <name>.text</name>
         <load_address>0x12afa</load_address>
         <run_address>0x12afa</run_address>
         <size>0xa</size>
         <input_file_ref idref="fl-90"/>
      </object_component>
      <object_component id="oc-2c5">
         <name>.text:USCI_B_I2C_masterMultiByteReceiveNext</name>
         <load_address>0x12b04</load_address>
         <run_address>0x12b04</run_address>
         <size>0x8</size>
         <input_file_ref idref="fl-2c"/>
      </object_component>
      <object_component id="oc-1c3">
         <name>.text:USCI_B_I2C_enable</name>
         <load_address>0x12b0c</load_address>
         <run_address>0x12b0c</run_address>
         <size>0x6</size>
         <input_file_ref idref="fl-2c"/>
      </object_component>
      <object_component id="oc-9b">
         <name>.text:__TI_ISR_TRAP</name>
         <load_address>0x12b12</load_address>
         <run_address>0x12b12</run_address>
         <size>0x6</size>
         <input_file_ref idref="fl-8f"/>
      </object_component>
      <object_component id="oc-91">
         <name>.text:decompress:rle24:__TI_decompress_rle24</name>
         <load_address>0x12b18</load_address>
         <run_address>0x12b18</run_address>
         <size>0x6</size>
         <input_file_ref idref="fl-6d"/>
      </object_component>
      <object_component id="oc-ac">
         <name>.text:_system_pre_init</name>
         <load_address>0x12b1e</load_address>
         <run_address>0x12b1e</run_address>
         <size>0x4</size>
         <input_file_ref idref="fl-99"/>
      </object_component>
      <object_component id="oc-be">
         <name>.text:abort</name>
         <load_address>0x12b22</load_address>
         <run_address>0x12b22</run_address>
         <size>0x4</size>
         <input_file_ref idref="fl-76"/>
      </object_component>
      <object_component id="oc-a6">
         <name>.text:_isr:bcUartISR</name>
         <load_address>0x4400</load_address>
         <run_address>0x4400</run_address>
         <size>0x28</size>
         <input_file_ref idref="fl-2"/>
      </object_component>
      <object_component id="oc-a0">
         <name>.text:_isr:HMC_PORT2_ISR</name>
         <load_address>0x4428</load_address>
         <run_address>0x4428</run_address>
         <size>0x1a</size>
         <input_file_ref idref="fl-4"/>
      </object_component>
      <object_component id="oc-72">
         <name>.text:_isr:_c_int00_noexit</name>
         <load_address>0x4442</load_address>
         <run_address>0x4442</run_address>
         <size>0x1a</size>
         <input_file_ref idref="fl-6a"/>
      </object_component>
      <object_component id="oc-412">
         <name>.cinit..data.load</name>
         <load_address>0x46dc</load_address>
         <run_address>0x46dc</run_address>
         <size>0x31</size>
      </object_component>
      <object_component id="oc-40f">
         <name>__TI_handler_table</name>
         <load_address>0x470e</load_address>
         <run_address>0x470e</run_address>
         <size>0xc</size>
      </object_component>
      <object_component id="oc-411">
         <name>.cinit..bss.load</name>
         <load_address>0x471a</load_address>
         <run_address>0x471a</run_address>
         <size>0x6</size>
      </object_component>
      <object_component id="oc-410">
         <name>__TI_cinit_table</name>
         <load_address>0x4720</load_address>
         <run_address>0x4720</run_address>
         <size>0x10</size>
      </object_component>
      <object_component id="oc-1f8">
         <name>.const:.string</name>
         <load_address>0x445c</load_address>
         <run_address>0x445c</run_address>
         <size>0x17c</size>
         <input_file_ref idref="fl-4"/>
      </object_component>
      <object_component id="oc-10e">
         <name>.const:.string</name>
         <load_address>0x45d8</load_address>
         <run_address>0x45d8</run_address>
         <size>0x7a</size>
         <input_file_ref idref="fl-6"/>
      </object_component>
      <object_component id="oc-301">
         <name>.const:a</name>
         <load_address>0x4652</load_address>
         <run_address>0x4652</run_address>
         <size>0x40</size>
         <input_file_ref idref="fl-9a"/>
      </object_component>
      <object_component id="oc-2fe">
         <name>.const:c</name>
         <load_address>0x4692</load_address>
         <run_address>0x4692</run_address>
         <size>0x20</size>
         <input_file_ref idref="fl-9a"/>
      </object_component>
      <object_component id="oc-2fb">
         <name>.const:s</name>
         <load_address>0x46b2</load_address>
         <run_address>0x46b2</run_address>
         <size>0x18</size>
         <input_file_ref idref="fl-9a"/>
      </object_component>
      <object_component id="oc-289">
         <name>.const</name>
         <load_address>0x46ca</load_address>
         <run_address>0x46ca</run_address>
         <size>0xa</size>
         <input_file_ref idref="fl-2c"/>
      </object_component>
      <object_component id="oc-1e9">
         <name>.const:.string:$P$T0$1</name>
         <load_address>0x46d4</load_address>
         <run_address>0x46d4</run_address>
         <size>0x4</size>
         <input_file_ref idref="fl-4"/>
      </object_component>
      <object_component id="oc-1b4">
         <name>.const:.string</name>
         <load_address>0x46d8</load_address>
         <run_address>0x46d8</run_address>
         <size>0x4</size>
         <input_file_ref idref="fl-3"/>
      </object_component>
      <object_component id="oc-69">
         <name>.int41</name>
         <load_address>0xffd2</load_address>
         <run_address>0xffd2</run_address>
         <size>0x2</size>
         <input_file_ref idref="fl-7b"/>
      </object_component>
      <object_component id="oc-6a">
         <name>.int42</name>
         <load_address>0xffd4</load_address>
         <run_address>0xffd4</run_address>
         <size>0x2</size>
         <input_file_ref idref="fl-4"/>
      </object_component>
      <object_component id="oc-6b">
         <name>.int43</name>
         <load_address>0xffd6</load_address>
         <run_address>0xffd6</run_address>
         <size>0x2</size>
         <input_file_ref idref="fl-7c"/>
      </object_component>
      <object_component id="oc-6c">
         <name>.int44</name>
         <load_address>0xffd8</load_address>
         <run_address>0xffd8</run_address>
         <size>0x2</size>
         <input_file_ref idref="fl-7d"/>
      </object_component>
      <object_component id="oc-6d">
         <name>.int45</name>
         <load_address>0xffda</load_address>
         <run_address>0xffda</run_address>
         <size>0x2</size>
         <input_file_ref idref="fl-7e"/>
      </object_component>
      <object_component id="oc-6e">
         <name>.int46</name>
         <load_address>0xffdc</load_address>
         <run_address>0xffdc</run_address>
         <size>0x2</size>
         <input_file_ref idref="fl-2"/>
      </object_component>
      <object_component id="oc-6f">
         <name>.int47</name>
         <load_address>0xffde</load_address>
         <run_address>0xffde</run_address>
         <size>0x2</size>
         <input_file_ref idref="fl-7f"/>
      </object_component>
      <object_component id="oc-70">
         <name>.int48</name>
         <load_address>0xffe0</load_address>
         <run_address>0xffe0</run_address>
         <size>0x2</size>
         <input_file_ref idref="fl-80"/>
      </object_component>
      <object_component id="oc-71">
         <name>.int49</name>
         <load_address>0xffe2</load_address>
         <run_address>0xffe2</run_address>
         <size>0x2</size>
         <input_file_ref idref="fl-81"/>
      </object_component>
      <object_component id="oc-78">
         <name>.int50</name>
         <load_address>0xffe4</load_address>
         <run_address>0xffe4</run_address>
         <size>0x2</size>
         <input_file_ref idref="fl-82"/>
      </object_component>
      <object_component id="oc-79">
         <name>.int51</name>
         <load_address>0xffe6</load_address>
         <run_address>0xffe6</run_address>
         <size>0x2</size>
         <input_file_ref idref="fl-83"/>
      </object_component>
      <object_component id="oc-7a">
         <name>.int52</name>
         <load_address>0xffe8</load_address>
         <run_address>0xffe8</run_address>
         <size>0x2</size>
         <input_file_ref idref="fl-84"/>
      </object_component>
      <object_component id="oc-7b">
         <name>.int53</name>
         <load_address>0xffea</load_address>
         <run_address>0xffea</run_address>
         <size>0x2</size>
         <input_file_ref idref="fl-85"/>
      </object_component>
      <object_component id="oc-7c">
         <name>.int54</name>
         <load_address>0xffec</load_address>
         <run_address>0xffec</run_address>
         <size>0x2</size>
         <input_file_ref idref="fl-86"/>
      </object_component>
      <object_component id="oc-7d">
         <name>.int55</name>
         <load_address>0xffee</load_address>
         <run_address>0xffee</run_address>
         <size>0x2</size>
         <input_file_ref idref="fl-87"/>
      </object_component>
      <object_component id="oc-7e">
         <name>.int56</name>
         <load_address>0xfff0</load_address>
         <run_address>0xfff0</run_address>
         <size>0x2</size>
         <input_file_ref idref="fl-88"/>
      </object_component>
      <object_component id="oc-7f">
         <name>.int57</name>
         <load_address>0xfff2</load_address>
         <run_address>0xfff2</run_address>
         <size>0x2</size>
         <input_file_ref idref="fl-89"/>
      </object_component>
      <object_component id="oc-80">
         <name>.int58</name>
         <load_address>0xfff4</load_address>
         <run_address>0xfff4</run_address>
         <size>0x2</size>
         <input_file_ref idref="fl-8a"/>
      </object_component>
      <object_component id="oc-81">
         <name>.int59</name>
         <load_address>0xfff6</load_address>
         <run_address>0xfff6</run_address>
         <size>0x2</size>
         <input_file_ref idref="fl-8b"/>
      </object_component>
      <object_component id="oc-82">
         <name>.int60</name>
         <load_address>0xfff8</load_address>
         <run_address>0xfff8</run_address>
         <size>0x2</size>
         <input_file_ref idref="fl-8c"/>
      </object_component>
      <object_component id="oc-83">
         <name>.int61</name>
         <load_address>0xfffa</load_address>
         <run_address>0xfffa</run_address>
         <size>0x2</size>
         <input_file_ref idref="fl-8d"/>
      </object_component>
      <object_component id="oc-84">
         <name>.int62</name>
         <load_address>0xfffc</load_address>
         <run_address>0xfffc</run_address>
         <size>0x2</size>
         <input_file_ref idref="fl-8e"/>
      </object_component>
      <object_component id="oc-9a">
         <name>.reset</name>
         <load_address>0xfffe</load_address>
         <run_address>0xfffe</run_address>
         <size>0x2</size>
         <input_file_ref idref="fl-6a"/>
      </object_component>
      <object_component id="oc-f5">
         <name>.common:bcUartRcvBuf</name>
         <uninitialized>true</uninitialized>
         <run_address>0x2490</run_address>
         <size>0x80</size>
      </object_component>
      <object_component id="oc-214">
         <name>.common:R_Data</name>
         <uninitialized>true</uninitialized>
         <run_address>0x2510</run_address>
         <size>0x6</size>
      </object_component>
      <object_component id="oc-1ca">
         <name>.common:ReadTx</name>
         <uninitialized>true</uninitialized>
         <run_address>0x2516</run_address>
         <size>0x2</size>
      </object_component>
      <object_component id="oc-1f9">
         <name>.common:dataReady</name>
         <uninitialized>true</uninitialized>
         <run_address>0x2518</run_address>
         <size>0x1</size>
      </object_component>
      <object_component id="oc-208">
         <name>.common:mode</name>
         <uninitialized>true</uninitialized>
         <run_address>0x2519</run_address>
         <size>0x1</size>
      </object_component>
      <object_component id="oc-f2">
         <name>.data</name>
         <load_address>0x248c</load_address>
         <run_address>0x248c</run_address>
         <size>0x3</size>
         <input_file_ref idref="fl-2"/>
      </object_component>
      <object_component id="oc-1a6">
         <name>.data</name>
         <load_address>0x2480</load_address>
         <run_address>0x2480</run_address>
         <size>0x8</size>
         <input_file_ref idref="fl-29"/>
      </object_component>
      <object_component id="oc-1b0">
         <name>.data</name>
         <load_address>0x2488</load_address>
         <run_address>0x2488</run_address>
         <size>0x4</size>
         <input_file_ref idref="fl-3"/>
      </object_component>
      <object_component id="oc-2f8">
         <name>.data</name>
         <load_address>0x2400</load_address>
         <run_address>0x2400</run_address>
         <size>0x80</size>
         <input_file_ref idref="fl-9b"/>
      </object_component>
      <object_component id="oc-73">
         <name>.debug_info</name>
         <load_address>0x0</load_address>
         <run_address>0x0</run_address>
         <size>0x125</size>
         <input_file_ref idref="fl-6a"/>
      </object_component>
      <object_component id="oc-87">
         <name>.debug_info</name>
         <load_address>0x125</load_address>
         <run_address>0x125</run_address>
         <size>0x194</size>
         <input_file_ref idref="fl-6c"/>
      </object_component>
      <object_component id="oc-8c">
         <name>.debug_info</name>
         <load_address>0x2b9</load_address>
         <run_address>0x2b9</run_address>
         <size>0x16f</size>
         <input_file_ref idref="fl-6e"/>
      </object_component>
      <object_component id="oc-92">
         <name>.debug_info</name>
         <load_address>0x428</load_address>
         <run_address>0x428</run_address>
         <size>0x18e</size>
         <input_file_ref idref="fl-6d"/>
      </object_component>
      <object_component id="oc-98">
         <name>.debug_info</name>
         <load_address>0x5b6</load_address>
         <run_address>0x5b6</run_address>
         <size>0xaa</size>
         <input_file_ref idref="fl-6a"/>
      </object_component>
      <object_component id="oc-9c">
         <name>.debug_info</name>
         <load_address>0x660</load_address>
         <run_address>0x660</run_address>
         <size>0xc2</size>
         <input_file_ref idref="fl-8f"/>
      </object_component>
      <object_component id="oc-a1">
         <name>.debug_info</name>
         <load_address>0x722</load_address>
         <run_address>0x722</run_address>
         <size>0x10b</size>
         <input_file_ref idref="fl-4"/>
      </object_component>
      <object_component id="oc-a7">
         <name>.debug_info</name>
         <load_address>0x82d</load_address>
         <run_address>0x82d</run_address>
         <size>0xfa</size>
         <input_file_ref idref="fl-2"/>
      </object_component>
      <object_component id="oc-ad">
         <name>.debug_info</name>
         <load_address>0x927</load_address>
         <run_address>0x927</run_address>
         <size>0xfd</size>
         <input_file_ref idref="fl-99"/>
      </object_component>
      <object_component id="oc-b5">
         <name>.debug_info</name>
         <load_address>0xa24</load_address>
         <run_address>0xa24</run_address>
         <size>0x1a0</size>
         <input_file_ref idref="fl-a0"/>
      </object_component>
      <object_component id="oc-b9">
         <name>.debug_info</name>
         <load_address>0xbc4</load_address>
         <run_address>0xbc4</run_address>
         <size>0x356</size>
         <input_file_ref idref="fl-6"/>
      </object_component>
      <object_component id="oc-bf">
         <name>.debug_info</name>
         <load_address>0xf1a</load_address>
         <run_address>0xf1a</run_address>
         <size>0xcc</size>
         <input_file_ref idref="fl-76"/>
      </object_component>
      <object_component id="oc-c6">
         <name>.debug_info</name>
         <load_address>0xfe6</load_address>
         <run_address>0xfe6</run_address>
         <size>0x157</size>
         <input_file_ref idref="fl-93"/>
      </object_component>
      <object_component id="oc-cc">
         <name>.debug_info</name>
         <load_address>0x113d</load_address>
         <run_address>0x113d</run_address>
         <size>0x46</size>
         <input_file_ref idref="fl-6c"/>
      </object_component>
      <object_component id="oc-d1">
         <name>.debug_info</name>
         <load_address>0x1183</load_address>
         <run_address>0x1183</run_address>
         <size>0x17b</size>
         <input_file_ref idref="fl-6c"/>
      </object_component>
      <object_component id="oc-d3">
         <name>.debug_info</name>
         <load_address>0x12fe</load_address>
         <run_address>0x12fe</run_address>
         <size>0x46</size>
         <input_file_ref idref="fl-6e"/>
      </object_component>
      <object_component id="oc-d8">
         <name>.debug_info</name>
         <load_address>0x1344</load_address>
         <run_address>0x1344</run_address>
         <size>0x129</size>
         <input_file_ref idref="fl-6e"/>
      </object_component>
      <object_component id="oc-da">
         <name>.debug_info</name>
         <load_address>0x146d</load_address>
         <run_address>0x146d</run_address>
         <size>0x1ef</size>
         <input_file_ref idref="fl-6d"/>
      </object_component>
      <object_component id="oc-e0">
         <name>.debug_info</name>
         <load_address>0x165c</load_address>
         <run_address>0x165c</run_address>
         <size>0x138</size>
         <input_file_ref idref="fl-6d"/>
      </object_component>
      <object_component id="oc-e1">
         <name>.debug_info</name>
         <load_address>0x1794</load_address>
         <run_address>0x1794</run_address>
         <size>0x39</size>
         <input_file_ref idref="fl-6d"/>
      </object_component>
      <object_component id="oc-e8">
         <name>.debug_info</name>
         <load_address>0x17cd</load_address>
         <run_address>0x17cd</run_address>
         <size>0x84</size>
         <input_file_ref idref="fl-2"/>
      </object_component>
      <object_component id="oc-ef">
         <name>.debug_info</name>
         <load_address>0x1851</load_address>
         <run_address>0x1851</run_address>
         <size>0x893</size>
         <input_file_ref idref="fl-4"/>
      </object_component>
      <object_component id="oc-f3">
         <name>.debug_info</name>
         <load_address>0x20e4</load_address>
         <run_address>0x20e4</run_address>
         <size>0x116</size>
         <input_file_ref idref="fl-2"/>
      </object_component>
      <object_component id="oc-f6">
         <name>.debug_info</name>
         <load_address>0x21fa</load_address>
         <run_address>0x21fa</run_address>
         <size>0x2ea</size>
         <input_file_ref idref="fl-2"/>
      </object_component>
      <object_component id="oc-fb">
         <name>.debug_info</name>
         <load_address>0x24e4</load_address>
         <run_address>0x24e4</run_address>
         <size>0x2d8</size>
         <input_file_ref idref="fl-a0"/>
      </object_component>
      <object_component id="oc-fd">
         <name>.debug_info</name>
         <load_address>0x27bc</load_address>
         <run_address>0x27bc</run_address>
         <size>0x1c3</size>
         <input_file_ref idref="fl-6"/>
      </object_component>
      <object_component id="oc-103">
         <name>.debug_info</name>
         <load_address>0x297f</load_address>
         <run_address>0x297f</run_address>
         <size>0x218</size>
         <input_file_ref idref="fl-29"/>
      </object_component>
      <object_component id="oc-109">
         <name>.debug_info</name>
         <load_address>0x2b97</load_address>
         <run_address>0x2b97</run_address>
         <size>0x140</size>
         <input_file_ref idref="fl-3"/>
      </object_component>
      <object_component id="oc-110">
         <name>.debug_info</name>
         <load_address>0x2cd7</load_address>
         <run_address>0x2cd7</run_address>
         <size>0x161</size>
         <input_file_ref idref="fl-3"/>
      </object_component>
      <object_component id="oc-116">
         <name>.debug_info</name>
         <load_address>0x2e38</load_address>
         <run_address>0x2e38</run_address>
         <size>0x1e6</size>
         <input_file_ref idref="fl-4"/>
      </object_component>
      <object_component id="oc-11c">
         <name>.debug_info</name>
         <load_address>0x301e</load_address>
         <run_address>0x301e</run_address>
         <size>0x246</size>
         <input_file_ref idref="fl-4"/>
      </object_component>
      <object_component id="oc-122">
         <name>.debug_info</name>
         <load_address>0x3264</load_address>
         <run_address>0x3264</run_address>
         <size>0x184</size>
         <input_file_ref idref="fl-4"/>
      </object_component>
      <object_component id="oc-128">
         <name>.debug_info</name>
         <load_address>0x33e8</load_address>
         <run_address>0x33e8</run_address>
         <size>0x1bd</size>
         <input_file_ref idref="fl-6"/>
      </object_component>
      <object_component id="oc-12e">
         <name>.debug_info</name>
         <load_address>0x35a5</load_address>
         <run_address>0x35a5</run_address>
         <size>0x156</size>
         <input_file_ref idref="fl-70"/>
      </object_component>
      <object_component id="oc-135">
         <name>.debug_info</name>
         <load_address>0x36fb</load_address>
         <run_address>0x36fb</run_address>
         <size>0x11b</size>
         <input_file_ref idref="fl-77"/>
      </object_component>
      <object_component id="oc-13b">
         <name>.debug_info</name>
         <load_address>0x3816</load_address>
         <run_address>0x3816</run_address>
         <size>0x1f8</size>
         <input_file_ref idref="fl-69"/>
      </object_component>
      <object_component id="oc-141">
         <name>.debug_info</name>
         <load_address>0x3a0e</load_address>
         <run_address>0x3a0e</run_address>
         <size>0x20d</size>
         <input_file_ref idref="fl-95"/>
      </object_component>
      <object_component id="oc-146">
         <name>.debug_info</name>
         <load_address>0x3c1b</load_address>
         <run_address>0x3c1b</run_address>
         <size>0x181</size>
         <input_file_ref idref="fl-6f"/>
      </object_component>
      <object_component id="oc-14c">
         <name>.debug_info</name>
         <load_address>0x3d9c</load_address>
         <run_address>0x3d9c</run_address>
         <size>0x168</size>
         <input_file_ref idref="fl-3"/>
      </object_component>
      <object_component id="oc-152">
         <name>.debug_info</name>
         <load_address>0x3f04</load_address>
         <run_address>0x3f04</run_address>
         <size>0xe8</size>
         <input_file_ref idref="fl-7a"/>
      </object_component>
      <object_component id="oc-157">
         <name>.debug_info</name>
         <load_address>0x3fec</load_address>
         <run_address>0x3fec</run_address>
         <size>0x15d</size>
         <input_file_ref idref="fl-6"/>
      </object_component>
      <object_component id="oc-15d">
         <name>.debug_info</name>
         <load_address>0x4149</load_address>
         <run_address>0x4149</run_address>
         <size>0x8b</size>
         <input_file_ref idref="fl-3"/>
      </object_component>
      <object_component id="oc-162">
         <name>.debug_info</name>
         <load_address>0x41d4</load_address>
         <run_address>0x41d4</run_address>
         <size>0x18b</size>
         <input_file_ref idref="fl-2"/>
      </object_component>
      <object_component id="oc-167">
         <name>.debug_info</name>
         <load_address>0x435f</load_address>
         <run_address>0x435f</run_address>
         <size>0x4d3</size>
         <input_file_ref idref="fl-6"/>
      </object_component>
      <object_component id="oc-16b">
         <name>.debug_info</name>
         <load_address>0x4832</load_address>
         <run_address>0x4832</run_address>
         <size>0x13b</size>
         <input_file_ref idref="fl-93"/>
      </object_component>
      <object_component id="oc-16c">
         <name>.debug_info</name>
         <load_address>0x496d</load_address>
         <run_address>0x496d</run_address>
         <size>0x2c</size>
         <input_file_ref idref="fl-3"/>
      </object_component>
      <object_component id="oc-173">
         <name>.debug_info</name>
         <load_address>0x4999</load_address>
         <run_address>0x4999</run_address>
         <size>0x2c</size>
         <input_file_ref idref="fl-6c"/>
      </object_component>
      <object_component id="oc-17f">
         <name>.debug_info</name>
         <load_address>0x49c5</load_address>
         <run_address>0x49c5</run_address>
         <size>0x3a</size>
         <input_file_ref idref="fl-4"/>
      </object_component>
      <object_component id="oc-18a">
         <name>.debug_info</name>
         <load_address>0x49ff</load_address>
         <run_address>0x49ff</run_address>
         <size>0x39</size>
         <input_file_ref idref="fl-a0"/>
      </object_component>
      <object_component id="oc-190">
         <name>.debug_info</name>
         <load_address>0x4a38</load_address>
         <run_address>0x4a38</run_address>
         <size>0x248</size>
         <input_file_ref idref="fl-29"/>
      </object_component>
      <object_component id="oc-196">
         <name>.debug_info</name>
         <load_address>0x4c80</load_address>
         <run_address>0x4c80</run_address>
         <size>0xd6</size>
         <input_file_ref idref="fl-74"/>
      </object_component>
      <object_component id="oc-19b">
         <name>.debug_info</name>
         <load_address>0x4d56</load_address>
         <run_address>0x4d56</run_address>
         <size>0xd9</size>
         <input_file_ref idref="fl-92"/>
      </object_component>
      <object_component id="oc-1a0">
         <name>.debug_info</name>
         <load_address>0x4e2f</load_address>
         <run_address>0x4e2f</run_address>
         <size>0x1a9</size>
         <input_file_ref idref="fl-29"/>
      </object_component>
      <object_component id="oc-1a7">
         <name>.debug_info</name>
         <load_address>0x4fd8</load_address>
         <run_address>0x4fd8</run_address>
         <size>0x134</size>
         <input_file_ref idref="fl-29"/>
      </object_component>
      <object_component id="oc-1ab">
         <name>.debug_info</name>
         <load_address>0x510c</load_address>
         <run_address>0x510c</run_address>
         <size>0xfb</size>
         <input_file_ref idref="fl-2"/>
      </object_component>
      <object_component id="oc-1b1">
         <name>.debug_info</name>
         <load_address>0x5207</load_address>
         <run_address>0x5207</run_address>
         <size>0xe6</size>
         <input_file_ref idref="fl-3"/>
      </object_component>
      <object_component id="oc-1b6">
         <name>.debug_info</name>
         <load_address>0x52ed</load_address>
         <run_address>0x52ed</run_address>
         <size>0x190</size>
         <input_file_ref idref="fl-3"/>
      </object_component>
      <object_component id="oc-1b8">
         <name>.debug_info</name>
         <load_address>0x547d</load_address>
         <run_address>0x547d</run_address>
         <size>0x1b8</size>
         <input_file_ref idref="fl-29"/>
      </object_component>
      <object_component id="oc-1be">
         <name>.debug_info</name>
         <load_address>0x5635</load_address>
         <run_address>0x5635</run_address>
         <size>0x2a5</size>
         <input_file_ref idref="fl-2c"/>
      </object_component>
      <object_component id="oc-1c4">
         <name>.debug_info</name>
         <load_address>0x58da</load_address>
         <run_address>0x58da</run_address>
         <size>0x19e</size>
         <input_file_ref idref="fl-2c"/>
      </object_component>
      <object_component id="oc-1d2">
         <name>.debug_info</name>
         <load_address>0x5a78</load_address>
         <run_address>0x5a78</run_address>
         <size>0x1b5</size>
         <input_file_ref idref="fl-4"/>
      </object_component>
      <object_component id="oc-1d8">
         <name>.debug_info</name>
         <load_address>0x5c2d</load_address>
         <run_address>0x5c2d</run_address>
         <size>0x186</size>
         <input_file_ref idref="fl-4"/>
      </object_component>
      <object_component id="oc-1de">
         <name>.debug_info</name>
         <load_address>0x5db3</load_address>
         <run_address>0x5db3</run_address>
         <size>0x194</size>
         <input_file_ref idref="fl-4"/>
      </object_component>
      <object_component id="oc-1e4">
         <name>.debug_info</name>
         <load_address>0x5f47</load_address>
         <run_address>0x5f47</run_address>
         <size>0x17e</size>
         <input_file_ref idref="fl-4"/>
      </object_component>
      <object_component id="oc-1ea">
         <name>.debug_info</name>
         <load_address>0x60c5</load_address>
         <run_address>0x60c5</run_address>
         <size>0xc8</size>
         <input_file_ref idref="fl-4"/>
      </object_component>
      <object_component id="oc-1ed">
         <name>.debug_info</name>
         <load_address>0x618d</load_address>
         <run_address>0x618d</run_address>
         <size>0x25b</size>
         <input_file_ref idref="fl-4"/>
      </object_component>
      <object_component id="oc-1f4">
         <name>.debug_info</name>
         <load_address>0x63e8</load_address>
         <run_address>0x63e8</run_address>
         <size>0x124</size>
         <input_file_ref idref="fl-3"/>
      </object_component>
      <object_component id="oc-1fd">
         <name>.debug_info</name>
         <load_address>0x650c</load_address>
         <run_address>0x650c</run_address>
         <size>0x44b</size>
         <input_file_ref idref="fl-4"/>
      </object_component>
      <object_component id="oc-20a">
         <name>.debug_info</name>
         <load_address>0x6957</load_address>
         <run_address>0x6957</run_address>
         <size>0x1c5</size>
         <input_file_ref idref="fl-4"/>
      </object_component>
      <object_component id="oc-217">
         <name>.debug_info</name>
         <load_address>0x6b1c</load_address>
         <run_address>0x6b1c</run_address>
         <size>0xe8</size>
         <input_file_ref idref="fl-71"/>
      </object_component>
      <object_component id="oc-21d">
         <name>.debug_info</name>
         <load_address>0x6c04</load_address>
         <run_address>0x6c04</run_address>
         <size>0xd9</size>
         <input_file_ref idref="fl-9f"/>
      </object_component>
      <object_component id="oc-222">
         <name>.debug_info</name>
         <load_address>0x6cdd</load_address>
         <run_address>0x6cdd</run_address>
         <size>0x1b7</size>
         <input_file_ref idref="fl-70"/>
      </object_component>
      <object_component id="oc-223">
         <name>.debug_info</name>
         <load_address>0x6e94</load_address>
         <run_address>0x6e94</run_address>
         <size>0xdb</size>
         <input_file_ref idref="fl-6f"/>
      </object_component>
      <object_component id="oc-22a">
         <name>.debug_info</name>
         <load_address>0x6f6f</load_address>
         <run_address>0x6f6f</run_address>
         <size>0x19d</size>
         <input_file_ref idref="fl-78"/>
      </object_component>
      <object_component id="oc-22f">
         <name>.debug_info</name>
         <load_address>0x710c</load_address>
         <run_address>0x710c</run_address>
         <size>0x194</size>
         <input_file_ref idref="fl-77"/>
      </object_component>
      <object_component id="oc-231">
         <name>.debug_info</name>
         <load_address>0x72a0</load_address>
         <run_address>0x72a0</run_address>
         <size>0x10d</size>
[...]
      </symbol>
      <symbol id="sm-5da">
         <name>USCI_B_I2C_masterMultiByteSendStartWithTimeout</name>
         <value>0x12414</value>
         <object_component_ref idref="oc-2b9"/>
      </symbol>
      <symbol id="sm-612">
         <name>atan2</name>
         <value>0x113a8</value>
         <object_component_ref idref="oc-139"/>
      </symbol>
      <symbol id="sm-622">
         <name>_c_int00_noexit</name>
         <value>0x4442</value>
         <object_component_ref idref="oc-72"/>
      </symbol>
      <symbol id="sm-623">
         <name>_c_int00</name>
         <value>0x4442</value>
         <object_component_ref idref="oc-72"/>
      </symbol>
      <symbol id="sm-624">
         <name>_stack</name>
         <value>0x4360</value>
         <object_component_ref idref="oc-97"/>
      </symbol>
      <symbol id="sm-625">
         <name>_reset_vector</name>
         <value>0xfffe</value>
         <object_component_ref idref="oc-9a"/>
      </symbol>
      <symbol id="sm-647">
         <name>__mspabi_cmpd</name>
         <value>0x11a9e</value>
         <object_component_ref idref="oc-236"/>
      </symbol>
      <symbol id="sm-65d">
         <name>__TI_decompress_none</name>
         <value>0x12a54</value>
         <object_component_ref idref="oc-85"/>
      </symbol>
      <symbol id="sm-67f">
         <name>__TI_decompress_rle24</name>
         <value>0x12b18</value>
         <object_component_ref idref="oc-91"/>
      </symbol>
      <symbol id="sm-692">
         <name>__TI_zero_init</name>
         <value>0x12950</value>
         <object_component_ref idref="oc-8b"/>
      </symbol>
      <symbol id="sm-6aa">
         <name>__mspabi_cvtdf</name>
         <value>0x11ff0</value>
         <object_component_ref idref="oc-145"/>
      </symbol>
      <symbol id="sm-6bb">
         <name>__mspabi_cvtfd</name>
         <value>0x12296</value>
         <object_component_ref idref="oc-12d"/>
      </symbol>
      <symbol id="sm-6c7">
         <name>__mspabi_remi</name>
         <value>0x128d6</value>
         <object_component_ref idref="oc-216"/>
      </symbol>
      <symbol id="sm-6c8">
         <name>__mspabi_divi</name>
         <value>0x128d6</value>
         <object_component_ref idref="oc-216"/>
      </symbol>
      <symbol id="sm-6d2">
         <name>__mspabi_remu</name>
         <value>0x129ee</value>
         <object_component_ref idref="oc-266"/>
      </symbol>
      <symbol id="sm-6d3">
         <name>__mspabi_divu</name>
         <value>0x129ee</value>
         <object_component_ref idref="oc-266"/>
      </symbol>
      <symbol id="sm-6df">
         <name>__mspabi_remli</name>
         <value>0x125ac</value>
         <object_component_ref idref="oc-31e"/>
      </symbol>
      <symbol id="sm-6e0">
         <name>__mspabi_divli</name>
         <value>0x125ac</value>
         <object_component_ref idref="oc-31e"/>
      </symbol>
      <symbol id="sm-6ee">
         <name>__mspabi_remul</name>
         <value>0x1246e</value>
         <object_component_ref idref="oc-195"/>
      </symbol>
      <symbol id="sm-6ef">
         <name>__mspabi_divul</name>
         <value>0x1246e</value>
         <object_component_ref idref="oc-195"/>
      </symbol>
      <symbol id="sm-710">
         <name>__mspabi_divd</name>
         <value>0x11186</value>
         <object_component_ref idref="oc-23c"/>
      </symbol>
      <symbol id="sm-71a">
         <name>C$$EXIT</name>
         <value>0x12b22</value>
         <object_component_ref idref="oc-be"/>
      </symbol>
      <symbol id="sm-71b">
         <name>abort</name>
         <value>0x12b22</value>
         <object_component_ref idref="oc-be"/>
      </symbol>
      <symbol id="sm-727">
         <name>__mspabi_fltid</name>
         <value>0x12aee</value>
         <object_component_ref idref="oc-133"/>
      </symbol>
      <symbol id="sm-73f">
         <name>__mspabi_fltlid</name>
         <value>0x11ecc</value>
         <object_component_ref idref="oc-228"/>
      </symbol>
      <symbol id="sm-75a">
         <name>__TI_frcdivd</name>
         <value>0x10000</value>
         <object_component_ref idref="oc-2e4"/>
      </symbol>
      <symbol id="sm-76c">
         <name>__mspabi_fixfi</name>
         <value>0x1222e</value>
         <object_component_ref idref="oc-151"/>
      </symbol>
      <symbol id="sm-76f">
         <name>__TI_int41</name>
         <value>0xffd2</value>
         <object_component_ref idref="oc-69"/>
      </symbol>
      <symbol id="sm-772">
         <name>__TI_int43</name>
         <value>0xffd6</value>
         <object_component_ref idref="oc-6b"/>
      </symbol>
      <symbol id="sm-775">
         <name>__TI_int44</name>
         <value>0xffd8</value>
         <object_component_ref idref="oc-6c"/>
      </symbol>
      <symbol id="sm-778">
         <name>__TI_int45</name>
         <value>0xffda</value>
         <object_component_ref idref="oc-6d"/>
      </symbol>
      <symbol id="sm-77b">
         <name>__TI_int47</name>
         <value>0xffde</value>
         <object_component_ref idref="oc-6f"/>
      </symbol>
      <symbol id="sm-77e">
         <name>__TI_int48</name>
         <value>0xffe0</value>
         <object_component_ref idref="oc-70"/>
      </symbol>
      <symbol id="sm-781">
         <name>__TI_int49</name>
         <value>0xffe2</value>
         <object_component_ref idref="oc-71"/>
      </symbol>
      <symbol id="sm-784">
         <name>__TI_int50</name>
         <value>0xffe4</value>
         <object_component_ref idref="oc-78"/>
      </symbol>
      <symbol id="sm-787">
         <name>__TI_int51</name>
         <value>0xffe6</value>
         <object_component_ref idref="oc-79"/>
      </symbol>
      <symbol id="sm-78a">
         <name>__TI_int52</name>
         <value>0xffe8</value>
         <object_component_ref idref="oc-7a"/>
      </symbol>
      <symbol id="sm-78d">
         <name>__TI_int53</name>
         <value>0xffea</value>
         <object_component_ref idref="oc-7b"/>
      </symbol>
      <symbol id="sm-790">
         <name>__TI_int54</name>
         <value>0xffec</value>
         <object_component_ref idref="oc-7c"/>
      </symbol>
      <symbol id="sm-793">
         <name>__TI_int55</name>
         <value>0xffee</value>
         <object_component_ref idref="oc-7d"/>
      </symbol>
      <symbol id="sm-796">
         <name>__TI_int56</name>
         <value>0xfff0</value>
         <object_component_ref idref="oc-7e"/>
      </symbol>
      <symbol id="sm-799">
         <name>__TI_int57</name>
         <value>0xfff2</value>
         <object_component_ref idref="oc-7f"/>
      </symbol>
      <symbol id="sm-79c">
         <name>__TI_int58</name>
         <value>0xfff4</value>
         <object_component_ref idref="oc-80"/>
      </symbol>
      <symbol id="sm-79f">
         <name>__TI_int59</name>
         <value>0xfff6</value>
         <object_component_ref idref="oc-81"/>
      </symbol>
      <symbol id="sm-7a2">
         <name>__TI_int60</name>
         <value>0xfff8</value>
         <object_component_ref idref="oc-82"/>
      </symbol>
      <symbol id="sm-7a5">
         <name>__TI_int61</name>
         <value>0xfffa</value>
         <object_component_ref idref="oc-83"/>
      </symbol>
      <symbol id="sm-7a8">
         <name>__TI_int62</name>
         <value>0xfffc</value>
         <object_component_ref idref="oc-84"/>
      </symbol>
      <symbol id="sm-7b0">
         <name>__TI_ISR_TRAP</name>
         <value>0x12b12</value>
         <object_component_ref idref="oc-9b"/>
      </symbol>
      <symbol id="sm-7b9">
         <name>__mspabi_slli</name>
         <value>0x12afa</value>
         <object_component_ref idref="oc-32e"/>
      </symbol>
      <symbol id="sm-7c9">
         <name>__mspabi_slll_9</name>
         <value>0x12642</value>
         <object_component_ref idref="oc-257"/>
      </symbol>
      <symbol id="sm-7ca">
         <name>__mspabi_slll_8</name>
         <value>0x12646</value>
         <object_component_ref idref="oc-257"/>
      </symbol>
      <symbol id="sm-7cb">
         <name>__mspabi_slll_7</name>
         <value>0x1264a</value>
         <object_component_ref idref="oc-257"/>
      </symbol>
      <symbol id="sm-7cc">
         <name>__mspabi_slll_6</name>
         <value>0x1264e</value>
         <object_component_ref idref="oc-257"/>
      </symbol>
      <symbol id="sm-7cd">
         <name>__mspabi_slll_5</name>
         <value>0x12652</value>
         <object_component_ref idref="oc-257"/>
      </symbol>
      <symbol id="sm-7ce">
         <name>__mspabi_slll_4</name>
         <value>0x12656</value>
         <object_component_ref idref="oc-257"/>
      </symbol>
      <symbol id="sm-7cf">
         <name>__mspabi_slll_3</name>
         <value>0x1265a</value>
         <object_component_ref idref="oc-257"/>
      </symbol>
      <symbol id="sm-7d0">
         <name>__mspabi_slll_2</name>
         <value>0x1265e</value>
         <object_component_ref idref="oc-257"/>
      </symbol>
      <symbol id="sm-7d1">
         <name>__mspabi_slll_1</name>
         <value>0x12662</value>
         <object_component_ref idref="oc-257"/>
      </symbol>
      <symbol id="sm-7d2">
         <name>__mspabi_slll</name>
         <value>0x12a76</value>
         <object_component_ref idref="oc-384"/>
      </symbol>
      <symbol id="sm-7d3">
         <name>__mspabi_slll_15</name>
         <value>0x1262a</value>
         <object_component_ref idref="oc-257"/>
      </symbol>
      <symbol id="sm-7d4">
         <name>__mspabi_slll_14</name>
         <value>0x1262e</value>
         <object_component_ref idref="oc-257"/>
      </symbol>
      <symbol id="sm-7d5">
         <name>__mspabi_slll_13</name>
         <value>0x12632</value>
         <object_component_ref idref="oc-257"/>
      </symbol>
      <symbol id="sm-7d6">
         <name>__mspabi_slll_12</name>
         <value>0x12636</value>
         <object_component_ref idref="oc-257"/>
      </symbol>
      <symbol id="sm-7d7">
         <name>__mspabi_slll_11</name>
         <value>0x1263a</value>
         <object_component_ref idref="oc-257"/>
      </symbol>
      <symbol id="sm-7d8">
         <name>__mspabi_slll_10</name>
         <value>0x1263e</value>
         <object_component_ref idref="oc-257"/>
      </symbol>
      <symbol id="sm-7e8">
         <name>__mspabi_srll_8</name>
         <value>0x12684</value>
         <object_component_ref idref="oc-19a"/>
      </symbol>
      <symbol id="sm-7e9">
         <name>__mspabi_srll_9</name>
         <value>0x12680</value>
         <object_component_ref idref="oc-19a"/>
      </symbol>
      <symbol id="sm-7ea">
         <name>__mspabi_srll_6</name>
         <value>0x1268c</value>
         <object_component_ref idref="oc-19a"/>
      </symbol>
      <symbol id="sm-7eb">
         <name>__mspabi_srll_7</name>
         <value>0x12688</value>
         <object_component_ref idref="oc-19a"/>
      </symbol>
      <symbol id="sm-7ec">
         <name>__mspabi_srll_4</name>
         <value>0x12694</value>
         <object_component_ref idref="oc-19a"/>
      </symbol>
      <symbol id="sm-7ed">
         <name>__mspabi_srll_5</name>
         <value>0x12690</value>
         <object_component_ref idref="oc-19a"/>
      </symbol>
      <symbol id="sm-7ee">
         <name>__mspabi_srll_2</name>
         <value>0x1269c</value>
         <object_component_ref idref="oc-19a"/>
      </symbol>
      <symbol id="sm-7ef">
         <name>__mspabi_srll_3</name>
         <value>0x12698</value>
         <object_component_ref idref="oc-19a"/>
      </symbol>
      <symbol id="sm-7f0">
         <name>__mspabi_srll_1</name>
         <value>0x126a0</value>
         <object_component_ref idref="oc-19a"/>
      </symbol>
      <symbol id="sm-7f1">
         <name>__mspabi_srll_15</name>
         <value>0x12668</value>
         <object_component_ref idref="oc-19a"/>
      </symbol>
      <symbol id="sm-7f2">
         <name>__mspabi_srll_14</name>
         <value>0x1266c</value>
         <object_component_ref idref="oc-19a"/>
      </symbol>
      <symbol id="sm-7f3">
         <name>__mspabi_srll_13</name>
         <value>0x12670</value>
         <object_component_ref idref="oc-19a"/>
      </symbol>
      <symbol id="sm-7f4">
         <name>__mspabi_srll_12</name>
         <value>0x12674</value>
         <object_component_ref idref="oc-19a"/>
      </symbol>
      <symbol id="sm-7f5">
         <name>__mspabi_srll_11</name>
         <value>0x12678</value>
         <object_component_ref idref="oc-19a"/>
      </symbol>
      <symbol id="sm-7f6">
         <name>__mspabi_srll_10</name>
         <value>0x1267c</value>
         <object_component_ref idref="oc-19a"/>
      </symbol>
      <symbol id="sm-7f7">
         <name>__mspabi_srll</name>
         <value>0x12a86</value>
         <object_component_ref idref="oc-389"/>
      </symbol>
      <symbol id="sm-805">
         <name>memcpy</name>
         <value>0x12a2e</value>
         <object_component_ref idref="oc-c5"/>
      </symbol>
      <symbol id="sm-826">
         <name>__mspabi_mpyd</name>
         <value>0x10cb2</value>
         <object_component_ref idref="oc-13f"/>
      </symbol>
      <symbol id="sm-82e">
         <name>__mspabi_mpyi_f5hw</name>
         <value>0x12a04</value>
         <object_component_ref idref="oc-352"/>
      </symbol>
      <symbol id="sm-836">
         <name>__mspabi_mpyl_f5hw</name>
         <value>0x12996</value>
         <object_component_ref idref="oc-307"/>
      </symbol>
      <symbol id="sm-83f">
         <name>__mspabi_negd</name>
         <value>0x128a8</value>
         <object_component_ref idref="oc-230"/>
      </symbol>
      <symbol id="sm-848">
         <name>_system_pre_init</name>
         <value>0x12b1e</value>
         <object_component_ref idref="oc-ac"/>
      </symbol>
      <symbol id="sm-876">
         <name>_Atan</name>
         <value>0x10a0e</value>
         <object_component_ref idref="oc-242"/>
      </symbol>
      <symbol id="sm-87d">
         <name>_Rteps</name>
         <value>0x2460</value>
         <object_component_ref idref="oc-2f8"/>
      </symbol>
      <symbol id="sm-87e">
         <name>_Zero</name>
         <value>0x2478</value>
         <object_component_ref idref="oc-2f8"/>
      </symbol>
      <symbol id="sm-87f">
         <name>_Hugeval</name>
         <value>0x2420</value>
         <object_component_ref idref="oc-2f8"/>
      </symbol>
      <symbol id="sm-880">
         <name>_Snan</name>
         <value>0x2450</value>
         <object_component_ref idref="oc-2f8"/>
      </symbol>
      <symbol id="sm-881">
         <name>_Nan</name>
         <value>0x2440</value>
         <object_component_ref idref="oc-2f8"/>
      </symbol>
      <symbol id="sm-882">
         <name>_Inf</name>
         <value>0x2430</value>
         <object_component_ref idref="oc-2f8"/>
      </symbol>
      <symbol id="sm-883">
         <name>_Xbig</name>
         <value>0x2470</value>
         <object_component_ref idref="oc-2f8"/>
      </symbol>
      <symbol id="sm-884">
         <name>_Eps</name>
         <value>0x2410</value>
         <object_component_ref idref="oc-2f8"/>
      </symbol>
      <symbol id="sm-885">
         <name>_Denorm</name>
         <value>0x2400</value>
         <object_component_ref idref="oc-2f8"/>
      </symbol>
      <symbol id="sm-8a8">
         <name>__mspabi_addd</name>
         <value>0x10736</value>
         <object_component_ref idref="oc-2f2"/>
      </symbol>
      <symbol id="sm-8b9">
         <name>__mspabi_sral</name>
         <value>0x12a66</value>
         <object_component_ref idref="oc-38e"/>
      </symbol>
      <symbol id="sm-8ba">
         <name>__mspabi_sral_15</name>
         <value>0x125ec</value>
         <object_component_ref idref="oc-21c"/>
      </symbol>
      <symbol id="sm-8bb">
         <name>__mspabi_sral_14</name>
         <value>0x125f0</value>
         <object_component_ref idref="oc-21c"/>
      </symbol>
      <symbol id="sm-8bc">
         <name>__mspabi_sral_13</name>
         <value>0x125f4</value>
         <object_component_ref idref="oc-21c"/>
      </symbol>
      <symbol id="sm-8bd">
         <name>__mspabi_sral_12</name>
         <value>0x125f8</value>
         <object_component_ref idref="oc-21c"/>
      </symbol>
      <symbol id="sm-8be">
         <name>__mspabi_sral_11</name>
         <value>0x125fc</value>
         <object_component_ref idref="oc-21c"/>
      </symbol>
      <symbol id="sm-8bf">
         <name>__mspabi_sral_10</name>
         <value>0x12600</value>
         <object_component_ref idref="oc-21c"/>
      </symbol>
      <symbol id="sm-8c0">
         <name>__mspabi_sral_8</name>
         <value>0x12608</value>
         <object_component_ref idref="oc-21c"/>
      </symbol>
      <symbol id="sm-8c1">
         <name>__mspabi_sral_9</name>
         <value>0x12604</value>
         <object_component_ref idref="oc-21c"/>
      </symbol>
      <symbol id="sm-8c2">
         <name>__mspabi_sral_6</name>
         <value>0x12610</value>
         <object_component_ref idref="oc-21c"/>
      </symbol>
      <symbol id="sm-8c3">
         <name>__mspabi_sral_7</name>
         <value>0x1260c</value>
         <object_component_ref idref="oc-21c"/>
      </symbol>
      <symbol id="sm-8c4">
         <name>__mspabi_sral_4</name>
         <value>0x12618</value>
         <object_component_ref idref="oc-21c"/>
      </symbol>
      <symbol id="sm-8c5">
         <name>__mspabi_sral_5</name>
         <value>0x12614</value>
         <object_component_ref idref="oc-21c"/>
      </symbol>
      <symbol id="sm-8c6">
         <name>__mspabi_sral_2</name>
         <value>0x12620</value>
         <object_component_ref idref="oc-21c"/>
      </symbol>
      <symbol id="sm-8c7">
         <name>__mspabi_sral_3</name>
         <value>0x1261c</value>
         <object_component_ref idref="oc-21c"/>
      </symbol>
      <symbol id="sm-8c8">
         <name>__mspabi_sral_1</name>
         <value>0x12624</value>
         <object_component_ref idref="oc-21c"/>
      </symbol>
      <symbol id="sm-8df">
         <name>_auto_init_hold_wdt</name>
         <value>0x120ee</value>
         <object_component_ref idref="oc-b2"/>
      </symbol>
      <symbol id="sm-900">
         <name>__TI_frcaddd</name>
         <value>0x10f34</value>
         <object_component_ref idref="oc-35d"/>
      </symbol>
      <symbol id="sm-911">
         <name>__TI_frcmpyd</name>
         <value>0x10452</value>
         <object_component_ref idref="oc-24a"/>
      </symbol>
      <symbol id="sm-925">
         <name>__TI_renormd</name>
         <value>0x11c42</value>
         <object_component_ref idref="oc-393"/>
      </symbol>
      <symbol id="sm-931">
         <name>__mspabi_subd</name>
         <value>0x12876</value>
         <object_component_ref idref="oc-2ec"/>
      </symbol>
      <symbol id="sm-932">
         <name>__TI_exit</name>
         <value>0x1</value>
      </symbol>
      <symbol id="sm-933">
         <name>__TI_args_main</name>
         <value>0x1</value>
      </symbol>
      <symbol id="sm-934">
         <name>__TI_INITARRAY_Base</name>
         <value>0x0</value>
      </symbol>
      <symbol id="sm-935">
         <name>__TI_INITARRAY_Limit</name>
         <value>0x0</value>
      </symbol>
   </symbol_table>
   <title>Link successful</title>
</link_info>
